16:46:42 **** Incremental Build of configuration Debug for project DP_App ****
make all 
'Building file: ../src/helloworld.c'
'Invoking: ARM v8 gcc compiler'
aarch64-none-elf-gcc -Wall -O0 -g3 -c -fmessage-length=0 -MT"src/helloworld.o" -IC:/Users/mini_pc1/Desktop/canliu/KV260_DP_1/KV260_DP/DP260/export/DP260/sw/DP260/standalone_domain/bspinclude/include -MMD -MP -MF"src/helloworld.d" -MT"src/helloworld.o" -o "src/helloworld.o" "../src/helloworld.c"
'Finished building: ../src/helloworld.c'
' '
'Building file: ../src/platform.c'
'Invoking: ARM v8 gcc compiler'
aarch64-none-elf-gcc -Wall -O0 -g3 -c -fmessage-length=0 -MT"src/platform.o" -IC:/Users/mini_pc1/Desktop/canliu/KV260_DP_1/KV260_DP/DP260/export/DP260/sw/DP260/standalone_domain/bspinclude/include -MMD -MP -MF"src/platform.d" -MT"src/platform.o" -o "src/platform.o" "../src/platform.c"
'Finished building: ../src/platform.c'
' '
'Building file: ../src/xdpdma_video.c'
'Invoking: ARM v8 gcc compiler'
aarch64-none-elf-gcc -Wall -O0 -g3 -c -fmessage-length=0 -MT"src/xdpdma_video.o" -IC:/Users/mini_pc1/Desktop/canliu/KV260_DP_1/KV260_DP/DP260/export/DP260/sw/DP260/standalone_domain/bspinclude/include -MMD -MP -MF"src/xdpdma_video.d" -MT"src/xdpdma_video.o" -o "src/xdpdma_video.o" "../src/xdpdma_video.c"
../src/xdpdma_video.c: In function 'test':
../src/xdpdma_video.c:86:10: warning: assignment to 'u8 *' {aka 'unsigned char *'} from 'u64' {aka 'long unsigned int'} makes pointer from integer without a cast [-Wint-conversion]
   86 |  dataout = VinBuffer->Address;
      |          ^
'Finished building: ../src/xdpdma_video.c'
' '
'Building file: ../src/xdppsu_interrupt.c'
'Invoking: ARM v8 gcc compiler'
aarch64-none-elf-gcc -Wall -O0 -g3 -c -fmessage-length=0 -MT"src/xdppsu_interrupt.o" -IC:/Users/mini_pc1/Desktop/canliu/KV260_DP_1/KV260_DP/DP260/export/DP260/sw/DP260/standalone_domain/bspinclude/include -MMD -MP -MF"src/xdppsu_interrupt.d" -MT"src/xdppsu_interrupt.o" -o "src/xdppsu_interrupt.o" "../src/xdppsu_interrupt.c"
'Finished building: ../src/xdppsu_interrupt.c'
' '
'Building target: DP_App.elf'
'Invoking: ARM v8 gcc linker'
aarch64-none-elf-gcc -Wl,-T -Wl,../src/lscript.ld -LC:/Users/mini_pc1/Desktop/canliu/KV260_DP_1/KV260_DP/DP260/export/DP260/sw/DP260/standalone_domain/bsplib/lib -o "DP_App.elf"  ./src/helloworld.o ./src/platform.o ./src/xdpdma_video.o ./src/xdppsu_interrupt.o   -Wl,--start-group,-lxil,-lgcc,-lc,--end-group
'Finished building target: DP_App.elf'
' '
'Invoking: ARM v8 Print Size'
aarch64-none-elf-size DP_App.elf  |tee "DP_App.elf.size"
   text	   data	    bss	    dec	    hex	filename
 109084	   5272	8324852	8439208	 80c5a8	DP_App.elf
'Finished building: DP_App.elf.size'
' '

16:46:45 Build Finished (took 2s.842ms)

