Nothing to build in platform 'design_1_wrapper'

11:10:37 **** Incremental Build of configuration Debug for project 4KK ****
make all 
'Building file: ../src/xdpdma_video_example.c'
'Invoking: ARM v8 gcc compiler'
aarch64-none-elf-gcc -Wall -O0 -g3 -c -fmessage-length=0 -MT"src/xdpdma_video_example.o" -IC:/Users/mini_pc1/Desktop/canliu/kv260/4k_vitis/design_1_wrapper/export/design_1_wrapper/sw/design_1_wrapper/standalone_psu_cortexa53_0/bspinclude/include -MMD -MP -MF"src/xdpdma_video_example.d" -MT"src/xdpdma_video_example.o" -o "src/xdpdma_video_example.o" "../src/xdpdma_video_example.c"
'Finished building: ../src/xdpdma_video_example.c'
' '
'Building target: 4KK.elf'
'Invoking: ARM v8 gcc linker'
aarch64-none-elf-gcc -Wl,-T -Wl,../src/lscript.ld -LC:/Users/mini_pc1/Desktop/canliu/kv260/4k_vitis/design_1_wrapper/export/design_1_wrapper/sw/design_1_wrapper/standalone_psu_cortexa53_0/bsplib/lib -o "4KK.elf"  ./src/helloworld.o ./src/main.o ./src/platform.o ./src/xdpdma_video_example.o ./src/xdppsu_interrupt.o   -Wl,--start-group,-lxil,-lgcc,-lc,--end-group
'Finished building target: 4KK.elf'
' '
'Invoking: ARM v8 Print Size'
aarch64-none-elf-size 4KK.elf  |tee "4KK.elf.size"
   text	   data	    bss	    dec	    hex	filename
 109404	   5272	8323060	8437736	 80bfe8	4KK.elf
'Finished building: 4KK.elf.size'
' '
11:10:39 **** Incremental Build of configuration Hardware for project 4KK_system ****
make all 
Generating bif file for the system project
generate_system_bif.bat 59244 C:/Users/mini_pc1/Desktop/canliu/kv260/4k_vitis/design_1_wrapper/export/design_1_wrapper/design_1_wrapper.xpfm standalone_psu_cortexa53_0 C:/Users/mini_pc1/Desktop/canliu/kv260/4k_vitis/4KK_system/Hardware/system.bif
sdcard_gen --xpfm C:/Users/mini_pc1/Desktop/canliu/kv260/4k_vitis/design_1_wrapper/export/design_1_wrapper/design_1_wrapper.xpfm --sys_config design_1_wrapper --bif C:/Users/mini_pc1/Desktop/canliu/kv260/4k_vitis/4KK_system/Hardware/system.bif --bitstream C:/Users/mini_pc1/Desktop/canliu/kv260/4k_vitis/4KK/_ide/bitstream/design_1_wrapper.bit --elf C:/Users/mini_pc1/Desktop/canliu/kv260/4k_vitis/4KK/Debug/4KK.elf,psu_cortexa53_0
creating BOOT.BIN using C:/Users/mini_pc1/Desktop/canliu/kv260/4k_vitis/4KK/_ide/bitstream/design_1_wrapper.bit
Running C:/Xilinx/Vitis/2021.1/bin/bootgen -arch zynqmp -image C:/Users/mini_pc1/Desktop/canliu/kv260/4k_vitis/4KK_system/Hardware/sd_card_temp/boot.bif -w -o i BOOT.BIN
